{"0": [{"": "", "result": "_result", "table": "0", "_start": "2022-01-01T08:00:00Z", "_stop": "2022-01-01T20:00:01Z", "_time": "2022-01-01T08:00:00Z", "_value": "35.9", "_field": "hum", "_measurement": "home", "room": "Kitchen"}, {"": "", "result": "_result", "table": "0", "_start": "2022-01-01T08:00:00Z", "_stop": "2022-01-01T20:00:01Z", "_time": "2022-01-01T09:00:00Z", "_value": "36.2", "_field": "hum", "_measurement": "home", "room": "Kitchen"}, {"": "", "result": "_result", "table": "0", "_start": "2022-01-01T08:00:00Z", "_stop": "2022-01-01T20:00:01Z", "_time": "2022-01-01T10:00:00Z", "_value": "36.1", "_field": "hum", "_measurement": "home", "room": "Kitchen"}, {"": "", "result": "_result", "table": "0", "_start": "2022-01-01T08:00:00Z", "_stop": "2022-01-01T20:00:01Z", "_time": "2022-01-01T11:00:00Z", "_value": "36", "_field": "hum", "_measurement": "home", "room": "Kitchen"}, {"": "", "result": "_result", "table": "0", "_start": "2022-01-01T08:00:00Z", "_stop": "2022-01-01T20:00:01Z", "_time": "2022-01-01T12:00:00Z", "_value": "36", "_field": "hum", "_measurement": "home", "room": "Kitchen"}, {"": "", "result": "_result", "table": "0", "_start": "2022-01-01T08:00:00Z", "_stop": "2022-01-01T20:00:01Z", "_time": "2022-01-01T13:00:00Z", "_value": "36.5", "_field": "hum", "_measurement": "home", "room": "Kitchen"}, {"": "", "result": "_result", "table": "0", "_start": "2022-01-01T08:00:00Z", "_stop": "2022-01-01T20:00:01Z", "_time": "2022-01-01T14:00:00Z", "_value": "36.3", "_field": "hum", "_measurement": "home", "room": "Kitchen"}, {"": "", "result": "_result", "table": "0", "_start": "2022-01-01T08:00:00Z", "_stop": "2022-01-01T20:00:01Z", "_time": "2022-01-01T15:00:00Z", "_value": "36.2", "_field": "hum", "_measurement": "home", "room": "Kitchen"}, {"": "", "result": "_result", "table": "0", "_start": "2022-01-01T08:00:00Z", "_stop": "2022-01-01T20:00:01Z", "_time": "2022-01-01T16:00:00Z", "_value": "36", "_field": "hum", "_measurement": "home", "room": "Kitchen"}, {"": "", "result": "_result", "table": "0", "_start": "2022-01-01T08:00:00Z", "_stop": "2022-01-01T20:00:01Z", "_time": "2022-01-01T17:00:00Z", "_value": "36", "_field": "hum", "_measurement": "home", "room": "Kitchen"}, {"": "", "result": "_result", "table": "0", "_start": "2022-01-01T08:00:00Z", "_stop": "2022-01-01T20:00:01Z", "_time": "2022-01-01T18:00:00Z", "_value": "36.9", "_field": "hum", "_measurement": "home", "room": "Kitchen"}, {"": "", "result": "_result", "table": "0", "_start": "2022-01-01T08:00:00Z", "_stop": "2022-01-01T20:00:01Z", "_time": "2022-01-01T19:00:00Z", "_value": "36.6", "_field": "hum", "_measurement": "home", "room": "Kitchen"}, {"": "", "result": "_result", "table": "0", "_start": "2022-01-01T08:00:00Z", "_stop": "2022-01-01T20:00:01Z", "_time": "2022-01-01T20:00:00Z", "_value": "36.5", "_field": "hum", "_measurement": "home", "room": "Kitchen"}], "1": [{"": "", "result": "_result", "table": "1", "_start": "2022-01-01T08:00:00Z", "_stop": "2022-01-01T20:00:01Z", "_time": "2022-01-01T08:00:00Z", "_value": "35.9", "_field": "hum", "_measurement": "home", "room": "Living Room"}, {"": "", "result": "_result", "table": "1", "_start": "2022-01-01T08:00:00Z", "_stop": "2022-01-01T20:00:01Z", "_time": "2022-01-01T09:00:00Z", "_value": "35.9", "_field": "hum", "_measurement": "home", "room": "Living Room"}, {"": "", "result": "_result", "table": "1", "_start": "2022-01-01T08:00:00Z", "_stop": "2022-01-01T20:00:01Z", "_time": "2022-01-01T10:00:00Z", "_value": "36", "_field": "hum", "_measurement": "home", "room": "Living Room"}, {"": "", "result": "_result", "table": "1", "_start": "2022-01-01T08:00:00Z", "_stop": "2022-01-01T20:00:01Z", "_time": "2022-01-01T11:00:00Z", "_value": "36", "_field": "hum", "_measurement": "home", "room": "Living Room"}, {"": "", "result": "_result", "table": "1", "_start": "2022-01-01T08:00:00Z", "_stop": "2022-01-01T20:00:01Z", "_time": "2022-01-01T12:00:00Z", "_value": "35.9", "_field": "hum", "_measurement": "home", "room": "Living Room"}, {"": "", "result": "_result", "table": "1", "_start": "2022-01-01T08:00:00Z", "_stop": "2022-01-01T20:00:01Z", "_time": "2022-01-01T13:00:00Z", "_value": "36", "_field": "hum", "_measurement": "home", "room": "Living Room"}, {"": "", "result": "_result", "table": "1", "_start": "2022-01-01T08:00:00Z", "_stop": "2022-01-01T20:00:01Z", "_time": "2022-01-01T14:00:00Z", "_value": "36.1", "_field": "hum", "_measurement": "home", "room": "Living Room"}, {"": "", "result": "_result", "table": "1", "_start": "2022-01-01T08:00:00Z", "_stop": "2022-01-01T20:00:01Z", "_time": "2022-01-01T15:00:00Z", "_value": "36.1", "_field": "hum", "_measurement": "home", "room": "Living Room"}, {"": "", "result": "_result", "table": "1", "_start": "2022-01-01T08:00:00Z", "_stop": "2022-01-01T20:00:01Z", "_time": "2022-01-01T16:00:00Z", "_value": "36", "_field": "hum", "_measurement": "home", "room": "Living Room"}, {"": "", "result": "_result", "table": "1", "_start": "2022-01-01T08:00:00Z", "_stop": "2022-01-01T20:00:01Z", "_time": "2022-01-01T17:00:00Z", "_value": "35.9", "_field": "hum", "_measurement": "home", "room": "Living Room"}, {"": "", "result": "_result", "table": "1", "_start": "2022-01-01T08:00:00Z", "_stop": "2022-01-01T20:00:01Z", "_time": "2022-01-01T18:00:00Z", "_value": "36.2", "_field": "hum", "_measurement": "home", "room": "Living Room"}, {"": "", "result": "_result", "table": "1", "_start": "2022-01-01T08:00:00Z", "_stop": "2022-01-01T20:00:01Z", "_time": "2022-01-01T19:00:00Z", "_value": "36.3", "_field": "hum", "_measurement": "home", "room": "Living Room"}, {"": "", "result": "_result", "table": "1", "_start": "2022-01-01T08:00:00Z", "_stop": "2022-01-01T20:00:01Z", "_time": "2022-01-01T20:00:00Z", "_value": "36.4", "_field": "hum", "_measurement": "home", "room": "Living Room"}]}